[
  {
    "_id": "GOT_10",
    "_tenant": 1,
    "_up": [
      "AU_10"
    ],
    "_glpd": "#TIMESTAMP#",
    "_sp": "OA2",
    "_sps": [
      "OA2",
      "OA4",
      "OA1"
    ],
    "_av": 1,
    "_us": [
      "AU_9",
      "AU_8",
      "AU_5",
      "AU_6",
      "AU_10",
      "AU_4",
      "AU_1",
      "AU_2"
    ]
  },
  {
    "_id": "GOT_4",
    "_tenant": 1,
    "_up": [
      "AU_4"
    ],
    "_sp": "OA4",
    "_glpd": "#TIMESTAMP#",
    "_sps": [
      "OA4"
    ]
  },
  {
    "_id": "GOT_6",
    "_tenant": 1,
    "_glpd": "#TIMESTAMP#",
    "_up": [
      "AU_6"
    ],
    "_sp": "OA2",
    "_sps": [
      "OA2"
    ],
    "_av": 1,
    "_us": [
      "AU_5",
      "AU_6",
      "AU_2"
    ]
  },
  {
    "_id": "GOT_8",
    "_tenant": 1,
    "_up": [
      "AU_8",
      "AU_3",
      "AU_7"
    ],
    "_glpd": "#TIMESTAMP#",
    "_sp": "OA2",
    "_sps": [
      "OA2",
      "OA4",
      "OA1"
    ],
    "_av": 1,
    "_us": [
      "AU_7",
      "AU_8",
      "AU_5",
      "AU_6",
      "AU_3",
      "AU_4",
      "AU_1",
      "AU_2"
    ]
  },
  {
    "_id": "GOT_9",
    "_tenant": 1,
    "_up": [
      "AU_9"
    ],
    "_glpd": "#TIMESTAMP#",
    "_sp": "OA2"
  }
]
