[{"_id":"aebaaaaaaahlm6sdabzmoalc4pzqrpqaaaaq","_tenant":0,"_profil":"","FileInfo":{"Filename":"item.pdf","LastModified":"2016-05-30T14:06:51.000+02:00"},"_qualifiers":[{"qualifier":"BinaryMaster","_nbc":1,"versions":[{"_id":"aeaaaaaaaahdwvstab7eialbsrq4wgqaaaaq","DataObjectGroupId":"aebaaaaaaahlm6sdabzmoalc4pzqrpqaaaaq","DataObjectVersion":"BinaryMaster_1","FormatIdentification":{"FormatLitteral":"Acrobat PDF 1.4 - Portable Document Format","MimeType":"application/pdf","FormatId":"fmt/18"},"FileInfo":{"Filename":"item.pdf","LastModified":"2016-05-30T14:06:51.000+02:00"},"Size":29403,"Uri":"Content/KaO8AyZWnnzs6RYEujDXRlpxpYy3rQ","MessageDigest":"942bb63cc16bf5ca3ba7fabf40ce9be19c3185a36cd87ad17c63d6fad1aa29d4312d73f2d6a1ba1266c3a71fc4119dd476d2d776cf2ad2acd7a9a3dfa1f80dc7","Algorithm":"SHA-512","_storage":{"_nbc":2,"offerIds":["offer-fs-1.service.consul","offer-swift-1.service.consul"],"strategyId":"default"}}]}],"_up":["aeaqaaaaaahdwvstab7eialbsrq4wiaaaaea"],"_nbc":1,"_ops":["aeaqaaaaaagbcaacaang6ak4ts6zzzzzzzzz"],"_sp":"FRAN_NP_050770","_storage":{"_nbc":0,"offerIds":[],"strategyId":"default"},"_v":0,"_sps":["FRAN_NP_050770"],"_glpd":"#TIMESTAMP#","_acd":"#TIMESTAMP#","_aud":"#TIMESTAMP#"},{"_id":"aebaaaaaaahlm6sdabzmoalc4pzqrtqaaaaq","_tenant":0,"_profil":"","FileInfo":{"Filename":"example.7z","LastModified":"2016-10-20T15:02:02.889+02:00"},"_qualifiers":[{"qualifier":"BinaryMaster","_nbc":1,"versions":[{"_id":"aeaaaaaaaahdwvstab7eialbsrrj4viaaaca","DataObjectGroupId":"aebaaaaaaahlm6sdabzmoalc4pzqrtqaaaaq","DataObjectVersion":"BinaryMaster_1","FormatIdentification":{"FormatLitteral":"7Zip format","FormatId":"fmt/484","MimeType":"application/epub+zip"},"FileInfo":{"Filename":"example.7z","LastModified":"2016-10-20T15:02:02.889+02:00"},"Size":356575,"Uri":"Content/ID33.7z","MessageDigest":"18003097ad4ea78920a5ef0fd4a8abd5e6b3cc861cb02f9ae28a23508e4f5d3085dd995a549f7cb1c7c3248748af0b8e4119e2098821f588af938063f3e9c48b","Algorithm":"SHA-512","_storage":{"_nbc":2,"offerIds":["offer-fs-1.service.consul","offer-swift-1.service.consul"],"strategyId":"default"}}]}],"_up":["aeaqaaaaaahdwvstab7eialbsrrj4yaaaadq"],"_nbc":1,"_ops":["aeaqaaaaaagbcaacaang6ak4ts6zzzzzzzzz"],"_sp":"ABCDEFG","_sps":["ABCDEFG","SHOULD_BE_ADDED"],"_storage":{"_nbc":0,"offerIds":[],"strategyId":"default"},"_v":0,"_glpd":"#TIMESTAMP#","_acd":"#TIMESTAMP#","_aud":"#TIMESTAMP#"},{"_id":"aebaaaaaaahlm6sdabzmoalc4pzxztyaaaaq","_tenant":0,"_profil":"","FileInfo":{"Filename":"DttzvaBjmOJlnNHhwjRWBRqvyqWtbx.pdf","LastModified":"2016-06-03T15:28:00.000+02:00"},"_qualifiers":[{"qualifier":"BinaryMaster","_nbc":1,"versions":[{"_id":"aeaaaaaaaagf2rjkaa4kkalbspgxieqaaaaq","DataObjectGroupId":"aebaaaaaaahlm6sdabzmoalc4pzxztyaaaaq","DataObjectVersion":"BinaryMaster_1","FormatIdentification":{"FormatLitteral":"Acrobat PDF 1.4 - Portable Document Format","MimeType":"application/pdf","FormatId":"fmt/18"},"FileInfo":{"Filename":"DttzvaBjmOJlnNHhwjRWBRqvyqWtbx.pdf","LastModified":"2016-06-03T15:28:00.000+02:00"},"Size":29403,"Uri":"Content/DttzvaBjmOJlnNHhwjRWBRqvyqWtbx.pdf","MessageDigest":"942bb63cc16bf5ca3ba7fabf40ce9be19c3185a36cd87ad17c63d6fad1aa29d4312d73f2d6a1ba1266c3a71fc4119dd476d2d776cf2ad2acd7a9a3dfa1f80dc7","Algorithm":"SHA-512","_storage":{"_nbc":2,"offerIds":["offer-fs-1.service.consul","offer-swift-1.service.consul"],"strategyId":"default"}}]}],"_up":["aeaqaaaaaagf2rjkaa4kkalbspgxifqaaaaq"],"_nbc":1,"_ops":["aeaqaaaaaagbcaacaang6ak4ts6zzzzzzzzz"],"_sp":"FRAN_NP_009913","_storage":{"_nbc":0,"offerIds":[],"strategyId":"default"},"_v":0,"_sps":["FRAN_NP_009913"],"_glpd":"#TIMESTAMP#","_acd":"#TIMESTAMP#","_aud":"#TIMESTAMP#"}]
