[
  {
    "_id": "aeaqaaaaaahlm6sdabkeaaldc3hq6laaaaaq",
    "_sps": [
      "FOR_TEST"
    ],
    "_us": [
      "aeaqaaaaaahlm6sdabkeoaldc3hq6jaaaabq",
      "aeaqaaaaaahlm6sdabkeoaldc3hq6kyaaaca"
    ],
    "_graph": [
      "aeaqaaaaaahlm6sdabkeaaldc3hq6laaaaaq/aeaqaaaaaahlm6sdabkeoaldc3hq6kyaaaca",
      "aeaqaaaaaahlm6sdabkeoaldc3hq6kyaaaca/aeaqaaaaaahlm6sdabkeoaldc3hq6jaaaabq"
    ],
    "_uds": {
      "aeaqaaaaaahlm6sdabkeoaldc3hq6jaaaabq": 2,
      "aeaqaaaaaahlm6sdabkeoaldc3hq6kyaaaca": 1
    },
    "_min": 1,
    "_max": 3,
    "_glpd": "#TIMESTAMP#",
    "_acd":"#TIMESTAMP#" ,
    "_aud": "#TIMESTAMP#"
  },
  {
    "_id": "aeaqaaaaaahlm6sdabkeoaldc3hq6kyaaaca",
    "_mgt": {},
    "DescriptionLevel": "RecordGrp",
    "Title": "dossier1",
    "OriginatingSystemId": [
      "OriginatingSystemId_02"
    ],
    "Description": "Sed pellentesque augue tellus, at ultricies ex viverra ut. Vivamus sed orci leo. Phasellus gravida ex quis velit pretium, at hendrerit urna elementum. Nam placerat leo in magna mattis consectetur. Fusce convallis efficitur imperdiet. Phasellus ac interdum dui. Nunc ullamcorper placerat metus",
    "StartDate": "2016-06-03T15:28:00",
    "EndDate": "2016-06-03T15:28:00",
    "_storage": {
      "_nbc": 2,
      "offerIds": [
        "offer-fs-1.service.int.consul",
        "offer-fs-2.service.int.consul"
      ],
      "strategyId": "default"
    },
    "_sp": "FRAN_NP_009913",
    "_ops": [
      "aeeaaaaaachnapmaabtqmaldc3hqk6iaaaaq"
    ],
    "_opi": "aeeaaaaaachnapmaabtqmaldc3hqk6iaaaaq",
    "_unitType": "INGEST",
    "_up": [
      "aeaqaaaaaahlm6sdabkeoaldc3hq6jaaaabq"
    ],
    "_v": 0,
    "_tenant": 0,
    "_sps": [
      "FRAN_NP_009913"
    ],
    "_us": [
      "aeaqaaaaaahlm6sdabkeoaldc3hq6jaaaabq"
    ],
    "_graph": [
      "aeaqaaaaaahlm6sdabkeoaldc3hq6kyaaaca/aeaqaaaaaahlm6sdabkeoaldc3hq6jaaaabq"
    ],
    "_uds": {
      "aeaqaaaaaahlm6sdabkeoaldc3hq6jaaaabq": 1
    },
    "_min": 1,
    "_max": 2,
    "_glpd": "#TIMESTAMP#",
    "_acd":"#TIMESTAMP#" ,
    "_aud": "#TIMESTAMP#"
  },
  {
    "_id": "aeaqaaaaaahlm6sdabkeoaldc3hq6laaaaaq",
    "_og": "aebaaaaaaahlm6sdabkeoaldc3hq6gqaaaba",
    "_mgt": {},
    "DescriptionLevel": "Item",
    "Title": "BAD0431E2C5E80E5BD42D547A3ED596444446.odt",
    "Description": "Integer lectus elit, maximus eu gravida et, sagittis eu est. Maecenas sodales eleifend suscipit. Fusce vitae magna nec erat bibendum imperdiet in vel eros. Aenean efficitur felis massa, id viverra est pharetra nec. Aenean eros libero, efficitur quis auctor ut, ornare eu risus",
    "TransactedDate": "2016-06-03T15:28:00",
    "_storage": {
      "_nbc": 2,
      "offerIds": [
        "offer-fs-1.service.int.consul",
        "offer-fs-2.service.int.consul"
      ],
      "strategyId": "default"
    },
    "_sp": "FRAN_NP_009913",
    "_ops": [
      "aeeaaaaaachnapmaabtqmaldc3hqk6iaaaaq"
    ],
    "_opi": "aeeaaaaaachnapmaabtqmaldc3hqk6iaaaaq",
    "_unitType": "INGEST",
    "_up": [
      "aeaqaaaaaahlm6sdabkeoaldc3hq6kyaaaca"
    ],
    "_v": 0,
    "_tenant": 0,
    "_sps": [
      "FRAN_NP_009913"
    ],
    "_us": [
      "aeaqaaaaaahlm6sdabkeoaldc3hq6jaaaabq",
      "aeaqaaaaaahlm6sdabkeoaldc3hq6kyaaaca"
    ],
    "_graph": [
      "aeaqaaaaaahlm6sdabkeoaldc3hq6laaaaaq/aeaqaaaaaahlm6sdabkeoaldc3hq6kyaaaca",
      "aeaqaaaaaahlm6sdabkeoaldc3hq6kyaaaca/aeaqaaaaaahlm6sdabkeoaldc3hq6jaaaabq"
    ],
    "_uds": {
      "aeaqaaaaaahlm6sdabkeoaldc3hq6jaaaabq": 2,
      "aeaqaaaaaahlm6sdabkeoaldc3hq6kyaaaca": 1
    },
    "_min": 1,
    "_max": 3,
    "_glpd": "#TIMESTAMP#",
    "_acd":"#TIMESTAMP#" ,
    "_aud": "#TIMESTAMP#"
  },
  {
    "_id": "aeaqaaaaaahmtusqabktwaldc34sm5yaaaaq",
    "_mgt": {},
    "DescriptionLevel": "RecordGrp",
    "Title": "testPlan4",
    "Description": "/home/pipav/Bureau/testPlan/testPlan3/testPlan4",
    "StartDate": "2017-03-27T08:19:17",
    "EndDate": "2017-03-27T08:19:17",
    "_storage": {
      "_nbc": 2,
      "offerIds": [
        "offer-fs-1.service.int.consul",
        "offer-fs-2.service.int.consul"
      ],
      "strategyId": "default"
    },
    "_sps": [
      "Service_producteur"
    ],
    "_sp": "Service_producteur",
    "_ops": [
      "aeeaaaaaachnapmaabtqmaldc34rxxaaaaaq"
    ],
    "_opi": "aeeaaaaaachnapmaabtqmaldc34rxxaaaaaq",
    "_unitType": "INGEST",
    "_up": [
      "aeaqaaaaaahmtusqabktwaldc34sm5iaaabq"
    ],
    "_us": [
      "aeaqaaaaaahmtusqabktwaldc34sm4yaaabq",
      "aeaqaaaaaahmtusqabktwaldc34sm5iaaabq"
    ],
    "_graph": [
      "aeaqaaaaaahmtusqabktwaldc34sm5yaaaaq/aeaqaaaaaahmtusqabktwaldc34sm5iaaabq",
      "aeaqaaaaaahmtusqabktwaldc34sm5iaaabq/aeaqaaaaaahmtusqabktwaldc34sm4yaaabq"
    ],
    "_uds": {
      "aeaqaaaaaahmtusqabktwaldc34sm4yaaabq": 2,
      "aeaqaaaaaahmtusqabktwaldc34sm5iaaabq": 1
    },
    "_min": 1,
    "_max": 3,
    "_glpd": "#TIMESTAMP#",
    "_acd":"#TIMESTAMP#" ,
    "_aud": "#TIMESTAMP#",
    "_v": 0,
    "_tenant": 0
  },
  {
    "_id": "aeaqaaaaaahmtusqabktwaldc34sm6aaaada",
    "_mgt": {},
    "DescriptionLevel": "RecordGrp",
    "Title": "testPlan6",
    "Description": "/home/pipav/Bureau/testPlan/testPlan2/testPlan6",
    "StartDate": "2017-03-27T08:19:17",
    "EndDate": "2017-03-27T08:19:17",
    "_storage": {
      "_nbc": 2,
      "offerIds": [
        "offer-fs-1.service.int.consul",
        "offer-fs-2.service.int.consul"
      ],
      "strategyId": "default"
    },
    "_sps": [
      "Service_producteur"
    ],
    "_sp": "Service_producteur",
    "_ops": [
      "aeeaaaaaachnapmaabtqmaldc34rxxaaaaaq"
    ],
    "_opi": "aeeaaaaaachnapmaabtqmaldc34rxxaaaaaq",
    "_unitType": "INGEST",
    "_up": [
      "aeaqaaaaaahmtusqabktwaldc34sm6aaaaba"
    ],
    "_us": [
      "aeaqaaaaaahmtusqabktwaldc34sm6aaaaba",
      "aeaqaaaaaahmtusqabktwaldc34sm4yaaabq"
    ],
    "_graph": [
      "aeaqaaaaaahmtusqabktwaldc34sm6aaaada/aeaqaaaaaahmtusqabktwaldc34sm6aaaaba",
      "aeaqaaaaaahmtusqabktwaldc34sm6aaaaba/aeaqaaaaaahmtusqabktwaldc34sm4yaaabq"
    ],
    "_uds": {
      "aeaqaaaaaahmtusqabktwaldc34sm6aaaaba": 1,
      "aeaqaaaaaahmtusqabktwaldc34sm4yaaabq": 2
    },
    "_min": 1,
    "_max": 3,
    "_glpd": "#TIMESTAMP#",
    "_acd":"#TIMESTAMP#" ,
    "_aud": "#TIMESTAMP#",
    "_v": 0,
    "_tenant": 0
  }
]
