[
  {
    "_id": "aeaqaaaabahckv2eabj54aleibkrrmiaaacq",
    "_mgt": {},
    "DescriptionLevel": "RecordGrp",
    "Title": "au_arbre",
    "Description": "Sip test graph au_arbre",
    "StartDate": "2017-08-24T14:56:31",
    "EndDate": "2017-08-24T14:56:31",
    "_storage": {
      "_nbc": 2,
      "offerIds": [
        "offer-fs-1.service.int.consul",
        "offer-fs-2.service.int.consul"
      ],
      "strategyId": "default"
    },
    "_ops": [
      "op_4"
    ],
    "_opi": "op_4",
    "_unitType": "HOLDING_UNIT",
    "_up": [],
    "_av": 0,
    "_us": [],
    "_graph": [],
    "_uds": {},
    "_min": 1,
    "_max": 1,
    "_glpd": "#TIMESTAMP#",
    "_v": 0,
    "_tenant": 0
  },
  {
    "_id": "aedqaaaaacfnrnfpaao4galeht64khqaaaaq",
    "_mgt": {},
    "DescriptionLevel": "RecordGrp",
    "Title": "au_f",
    "Description": "Sip test graph au_f",
    "StartDate": "2017-08-24T14:56:31",
    "EndDate": "2017-08-24T14:56:31",
    "_storage": {
      "_nbc": 2,
      "offerIds": [
        "offer-fs-1.service.int.consul",
        "offer-fs-2.service.int.consul"
      ],
      "strategyId": "default"
    },
    "_sps": [
      "Identifier1"
    ],
    "_sp": "Identifier1",
    "_ops": [
      "op_1"
    ],
    "_opi": "op_1",
    "_unitType": "INGEST",
    "_up": [],
    "_av": 0,
    "_us": [],
    "_graph": [],
    "_uds": {},
    "_min": 1,
    "_max": 1,
    "_glpd": "#TIMESTAMP#",
    "_v": 0,
    "_tenant": 0
  },
  {
    "_id": "aedqaaaaacfnrnfpaao4galeht64kjaaaaaq",
    "_mgt": {},
    "DescriptionLevel": "RecordGrp",
    "Title": "au_g",
    "Description": "Sip test graph au_g",
    "StartDate": "2017-08-24T14:56:31",
    "EndDate": "2017-08-24T14:56:31",
    "_storage": {
      "_nbc": 2,
      "offerIds": [
        "offer-fs-1.service.int.consul",
        "offer-fs-2.service.int.consul"
      ],
      "strategyId": "default"
    },
    "_sps": [
      "Identifier2"
    ],
    "_sp": "Identifier2",
    "_ops": [
      "op_2"
    ],
    "_opi": "op_2",
    "_unitType": "INGEST",
    "_up": [],
    "_av": 0,
    "_us": [],
    "_graph": [],
    "_uds": {},
    "_min": 1,
    "_max": 1,
    "_glpd": "#TIMESTAMP#",
    "_v": 0,
    "_tenant": 0
  },
  {
    "_id": "aedqaaaaacfnrnfpaao4galeht64riyaaaaq",
    "_mgt": {},
    "DescriptionLevel": "RecordGrp",
    "Title": "au_e",
    "Description": "Sip test graph au_e",
    "StartDate": "2017-08-24T14:56:31",
    "EndDate": "2017-08-24T14:56:31",
    "_storage": {
      "_nbc": 2,
      "offerIds": [
        "offer-fs-1.service.int.consul",
        "offer-fs-2.service.int.consul"
      ],
      "strategyId": "default"
    },
    "_sps": [
      "Identifier0"
    ],
    "_sp": "Identifier0",
    "_ops": [
      "op_0",
      "aedqaaaaacfnrnfpaao4galeht64keqaaaaq"
    ],
    "_opi": "op_0",
    "_unitType": "INGEST",
    "_up": [],
    "_av": 2,
    "_us": [],
    "_graph": [],
    "_uds": {},
    "_min": 1,
    "_max": 1,
    "_glpd": "#TIMESTAMP#",
    "_v": 1,
    "_tenant": 0
  },
  {
    "_id": "aedqaaaaacfnrnfpaao4galeht64zeqaaaaq",
    "_mgt": {},
    "DescriptionLevel": "RecordGrp",
    "Title": "au_c",
    "Description": "Sip test graph au_c",
    "StartDate": "2017-08-24T14:56:31",
    "EndDate": "2017-08-24T14:56:31",
    "_storage": {
      "_nbc": 2,
      "offerIds": [
        "offer-fs-1.service.int.consul",
        "offer-fs-2.service.int.consul"
      ],
      "strategyId": "default"
    },
    "_sps": [
      "Identifier0",
      "Identifier2"
    ],
    "_sp": "Identifier0",
    "_ops": [
      "op_0",
      "aedqaaaaacfnrnfpaao4galeht64keqaaaaq"
    ],
    "_opi": "op_0",
    "_unitType": "INGEST",
    "_up": [
      "aedqaaaaacfnrnfpaao4galeht64kjaaaaaq"
    ],
    "_av": 3,
    "_us": [
      "aedqaaaaacfnrnfpaao4galeht64kjaaaaaq"
    ],
    "_graph": [
      "aedqaaaaacfnrnfpaao4galeht64zeqaaaaq/aedqaaaaacfnrnfpaao4galeht64kjaaaaaq"
    ],
    "_uds": {
      "1": [
        "aedqaaaaacfnrnfpaao4galeht64kjaaaaaq"
      ]
    },
    "_min": 1,
    "_max": 2,
    "_glpd": "#TIMESTAMP#",
    "_v": 2,
    "_tenant": 0
  },
  {
    "_id": "aedqaaaaacfnrnfpaao4galeht64zgqaaaaq",
    "_og": "id_got_a_identifier0",
    "_mgt": {},
    "DescriptionLevel": "RecordGrp",
    "Title": "au_d",
    "Description": "Sip test graph au_d",
    "StartDate": "2017-08-24T14:56:31",
    "EndDate": "2017-08-24T14:56:31",
    "_storage": {
      "_nbc": 2,
      "offerIds": [
        "offer-fs-1.service.int.consul",
        "offer-fs-2.service.int.consul"
      ],
      "strategyId": "default"
    },
    "_sps": [
      "Identifier0",
      "Identifier1",
      "Identifier2"
    ],
    "_sp": "Identifier0",
    "_ops": [
      "op_0"
    ],
    "_opi": "op_0",
    "_unitType": "INGEST",
    "_up": [
      "aedqaaaaacfnrnfpaao4galeht64zeqaaaaq",
      "aedqaaaaacfnrnfpaao4galeht65zpiaaaaq"
    ],
    "_av": 1,
    "_us": [
      "aedqaaaaacfnrnfpaao4galeht65vjiaaaaq",
      "aedqaaaaacfnrnfpaao4galeht64zeqaaaaq",
      "aedqaaaaacfnrnfpaao4galeht64kjaaaaaq",
      "aedqaaaaacfnrnfpaao4galeht64khqaaaaq",
      "aedqaaaaacfnrnfpaao4galeht65zpiaaaaq"
    ],
    "_graph": [
      "aedqaaaaacfnrnfpaao4galeht65zpiaaaaq/aedqaaaaacfnrnfpaao4galeht65vjiaaaaq",
      "aedqaaaaacfnrnfpaao4galeht64zgqaaaaq/aedqaaaaacfnrnfpaao4galeht65zpiaaaaq",
      "aedqaaaaacfnrnfpaao4galeht64zeqaaaaq/aedqaaaaacfnrnfpaao4galeht64kjaaaaaq",
      "aedqaaaaacfnrnfpaao4galeht64zgqaaaaq/aedqaaaaacfnrnfpaao4galeht64zeqaaaaq",
      "aedqaaaaacfnrnfpaao4galeht65zpiaaaaq/aedqaaaaacfnrnfpaao4galeht64zeqaaaaq",
      "aedqaaaaacfnrnfpaao4galeht65vjiaaaaq/aedqaaaaacfnrnfpaao4galeht64khqaaaaq"
    ],
    "_uds": {
      "1": [
        "aedqaaaaacfnrnfpaao4galeht64zeqaaaaq",
        "aedqaaaaacfnrnfpaao4galeht65zpiaaaaq"
      ],
      "2": [
        "aedqaaaaacfnrnfpaao4galeht64kjaaaaaq",
        "aedqaaaaacfnrnfpaao4galeht64zeqaaaaq",
        "aedqaaaaacfnrnfpaao4galeht65vjiaaaaq"
      ],
      "3": [
        "aedqaaaaacfnrnfpaao4galeht64khqaaaaq"
      ]
    },
    "_min": 1,
    "_max": 4,
    "_glpd": "#TIMESTAMP#",
    "_v": 0,
    "_tenant": 0
  },
  {
    "_id": "aedqaaaaacfnrnfpaao4galeht65vjiaaaaq",
    "_mgt": {},
    "DescriptionLevel": "RecordGrp",
    "Title": "au_a",
    "Description": "Sip test graph au_a",
    "StartDate": "2017-08-24T14:56:31",
    "EndDate": "2017-08-24T14:56:31",
    "_storage": {
      "_nbc": 2,
      "offerIds": [
        "offer-fs-1.service.int.consul",
        "offer-fs-2.service.int.consul"
      ],
      "strategyId": "default"
    },
    "_sps": [
      "Identifier0",
      "Identifier1"
    ],
    "_sp": "Identifier0",
    "_ops": [
      "op_0",
      "aedqaaaaacfnrnfpaao4galeht64keqaaaaq"
    ],
    "_opi": "op_0",
    "_unitType": "INGEST",
    "_up": [
      "aedqaaaaacfnrnfpaao4galeht64khqaaaaq"
    ],
    "_av": 2,
    "_us": [
      "aedqaaaaacfnrnfpaao4galeht64khqaaaaq"
    ],
    "_graph": [
      "aedqaaaaacfnrnfpaao4galeht65vjiaaaaq/aedqaaaaacfnrnfpaao4galeht64khqaaaaq"
    ],
    "_uds": {
      "1": [
        "aedqaaaaacfnrnfpaao4galeht64khqaaaaq"
      ]
    },
    "_min": 1,
    "_max": 2,
    "_glpd": "#TIMESTAMP#",
    "_v": 1,
    "_tenant": 0
  },
  {
    "_id": "aedqaaaaacfnrnfpaao4galeht65zpiaaaaq",
    "_mgt": {},
    "DescriptionLevel": "RecordGrp",
    "Title": "au_b",
    "Description": "Sip test graph au_b",
    "StartDate": "2017-08-24T14:56:31",
    "EndDate": "2017-08-24T14:56:31",
    "_storage": {
      "_nbc": 2,
      "offerIds": [
        "offer-fs-1.service.int.consul",
        "offer-fs-2.service.int.consul"
      ],
      "strategyId": "default"
    },
    "_sps": [
      "Identifier0",
      "Identifier1",
      "Identifier2"
    ],
    "_sp": "Identifier0",
    "_ops": [
      "op_0"
    ],
    "_opi": "op_0",
    "_unitType": "INGEST",
    "_up": [
      "aedqaaaaacfnrnfpaao4galeht64zeqaaaaq",
      "aedqaaaaacfnrnfpaao4galeht65vjiaaaaq"
    ],
    "_av": 1,
    "_us": [
      "aedqaaaaacfnrnfpaao4galeht65vjiaaaaq",
      "aedqaaaaacfnrnfpaao4galeht64zeqaaaaq",
      "aedqaaaaacfnrnfpaao4galeht64kjaaaaaq",
      "aedqaaaaacfnrnfpaao4galeht64khqaaaaq"
    ],
    "_graph": [
      "aedqaaaaacfnrnfpaao4galeht65zpiaaaaq/aedqaaaaacfnrnfpaao4galeht65vjiaaaaq",
      "aedqaaaaacfnrnfpaao4galeht64zeqaaaaq/aedqaaaaacfnrnfpaao4galeht64kjaaaaaq",
      "aedqaaaaacfnrnfpaao4galeht65zpiaaaaq/aedqaaaaacfnrnfpaao4galeht64zeqaaaaq",
      "aedqaaaaacfnrnfpaao4galeht65vjiaaaaq/aedqaaaaacfnrnfpaao4galeht64khqaaaaq"
    ],
    "_uds": {
      "1": [
        "aedqaaaaacfnrnfpaao4galeht64zeqaaaaq",
        "aedqaaaaacfnrnfpaao4galeht65vjiaaaaq"
      ],
      "2": [
        "aedqaaaaacfnrnfpaao4galeht64kjaaaaaq",
        "aedqaaaaacfnrnfpaao4galeht64khqaaaaq"
      ]
    },
    "_min": 1,
    "_max": 3,
    "_glpd": "#TIMESTAMP#",
    "_v": 0,
    "_tenant": 0
  },
  {
    "_id": "id_plan_identifier3",
    "_mgt": {},
    "DescriptionLevel": "RecordGrp",
    "Title": "au_plan",
    "Description": "Sip test graph au_plan",
    "StartDate": "2017-08-24T14:56:31",
    "EndDate": "2017-08-24T14:56:31",
    "_storage": {
      "_nbc": 2,
      "offerIds": [
        "offer-fs-1.service.int.consul",
        "offer-fs-2.service.int.consul"
      ],
      "strategyId": "default"
    },
    "_sps": [
      "Identifier3"
    ],
    "_sp": "Identifier3",
    "_ops": [
      "op_3"
    ],
    "_opi": "op_3",
    "_unitType": "FILING_UNIT",
    "_up": [],
    "_av": 0,
    "_us": [],
    "_graph": [],
    "_uds": {},
    "_min": 1,
    "_max": 1,
    "_glpd": "#TIMESTAMP#",
    "_v": 0,
    "_tenant": 0
  }
]
