[
  {
    "_id": "aeaqaaaaaahlm6sdabkeaaldc3hq6laaaaaq",
    "_sps": [
      "FOR_TEST"
    ],
    "_us": [
      "aeaqaaaaaahlm6sdabkeoaldc3hq6jaaaabq",
      "aeaqaaaaaahlm6sdabkeoaldc3hq6kyaaaca"
    ],
    "_graph": [
      "aeaqaaaaaahlm6sdabkeaaldc3hq6laaaaaq/aeaqaaaaaahlm6sdabkeoaldc3hq6kyaaaca",
      "aeaqaaaaaahlm6sdabkeoaldc3hq6kyaaaca/aeaqaaaaaahlm6sdabkeoaldc3hq6jaaaabq"
    ],
    "_uds": {
      "aeaqaaaaaahlm6sdabkeoaldc3hq6jaaaabq": 2,
      "aeaqaaaaaahlm6sdabkeoaldc3hq6kyaaaca": 1
    },
    "_min": 1,
    "_max": 3,
    "_glpd": "#TIMESTAMP#",
    "_fuzzyCD":"#TIMESTAMP#" ,
    "_fuzzyUD": "#TIMESTAMP#"
  },
  {
    "_id": "aeaqaaaaaahlm6sdabkeoaldc3hq6kyaaaca",
    "_sps": [
      "FRAN_NP_009913"
    ],
    "_us": [
      "aeaqaaaaaahlm6sdabkeoaldc3hq6jaaaabq"
    ],
    "_graph": [
      "aeaqaaaaaahlm6sdabkeoaldc3hq6kyaaaca/aeaqaaaaaahlm6sdabkeoaldc3hq6jaaaabq"
    ],
    "_uds": {
      "aeaqaaaaaahlm6sdabkeoaldc3hq6jaaaabq": 1
    },
    "_min": 1,
    "_max": 2,
    "_glpd": "#TIMESTAMP#",
    "_fuzzyCD":"#TIMESTAMP#" ,
    "_fuzzyUD": "#TIMESTAMP#"
  },
  {
    "_id": "aeaqaaaaaahlm6sdabkeoaldc3hq6laaaaaq",
    "_sps": [
      "FRAN_NP_009913"
    ],
    "_us": [
      "aeaqaaaaaahlm6sdabkeoaldc3hq6jaaaabq",
      "aeaqaaaaaahlm6sdabkeoaldc3hq6kyaaaca"
    ],
    "_graph": [
      "aeaqaaaaaahlm6sdabkeoaldc3hq6laaaaaq/aeaqaaaaaahlm6sdabkeoaldc3hq6kyaaaca",
      "aeaqaaaaaahlm6sdabkeoaldc3hq6kyaaaca/aeaqaaaaaahlm6sdabkeoaldc3hq6jaaaabq"
    ],
    "_uds": {
      "aeaqaaaaaahlm6sdabkeoaldc3hq6jaaaabq": 2,
      "aeaqaaaaaahlm6sdabkeoaldc3hq6kyaaaca": 1
    },
    "_min": 1,
    "_max": 3,
    "_glpd": "#TIMESTAMP#",
    "_fuzzyCD":"#TIMESTAMP#" ,
    "_fuzzyUD": "#TIMESTAMP#"
  },
  {
    "_id": "aeaqaaaaaahmtusqabktwaldc34sm5yaaaaq",
    "_sps": [
      "Service_producteur"
    ],
    "_us": [
      "aeaqaaaaaahmtusqabktwaldc34sm4yaaabq",
      "aeaqaaaaaahmtusqabktwaldc34sm5iaaabq"
    ],
    "_graph": [
      "aeaqaaaaaahmtusqabktwaldc34sm5yaaaaq/aeaqaaaaaahmtusqabktwaldc34sm5iaaabq",
      "aeaqaaaaaahmtusqabktwaldc34sm5iaaabq/aeaqaaaaaahmtusqabktwaldc34sm4yaaabq"
    ],
    "_uds": {
      "aeaqaaaaaahmtusqabktwaldc34sm4yaaabq": 2,
      "aeaqaaaaaahmtusqabktwaldc34sm5iaaabq": 1
    },
    "_min": 1,
    "_max": 3,
    "_glpd": "#TIMESTAMP#",
    "_fuzzyCD":"#TIMESTAMP#" ,
    "_fuzzyUD": "#TIMESTAMP#"
  },
  {
    "_id": "aeaqaaaaaahmtusqabktwaldc34sm6aaaada",
    "_sps": [
      "Service_producteur"
    ],
    "_us": [
      "aeaqaaaaaahmtusqabktwaldc34sm6aaaaba",
      "aeaqaaaaaahmtusqabktwaldc34sm4yaaabq"
    ],
    "_graph": [
      "aeaqaaaaaahmtusqabktwaldc34sm6aaaada/aeaqaaaaaahmtusqabktwaldc34sm6aaaaba",
      "aeaqaaaaaahmtusqabktwaldc34sm6aaaaba/aeaqaaaaaahmtusqabktwaldc34sm4yaaabq"
    ],
    "_uds": {
      "aeaqaaaaaahmtusqabktwaldc34sm6aaaaba": 1,
      "aeaqaaaaaahmtusqabktwaldc34sm4yaaabq": 2
    },
    "_min": 1,
    "_max": 3,
    "_glpd": "#TIMESTAMP#",
    "_fuzzyCD":"#TIMESTAMP#" ,
    "_fuzzyUD": "#TIMESTAMP#"
  }
]
