[
  {
    "_id": "AU_1",
    "_max": 1,
    "_tenant": 1,
    "_up": [],
    "fakefake": "fakefake",
    "_glpd": "#TIMESTAMP#",
    "_fuzzyCD":"#TIMESTAMP#" ,
    "_fuzzyUD": "#TIMESTAMP#",
    "_sp": "OA1",
    "_sps": [
      "OA1"
    ]
  },
  {
    "_id": "AU_10",
    "_max": 5,
    "_tenant": 1,
    "_og": "GOT_10",
    "_up": [
      "AU_8",
      "AU_9"
    ],
    "_sp": "OA2",
    "_sps": [
      "OA2",
      "OA4",
      "OA1"
    ],
    "_av": 1,
    "_us": [
      "AU_9",
      "AU_8",
      "AU_5",
      "AU_6",
      "AU_4",
      "AU_1",
      "AU_2"
    ],
    "_uds": {
      "1": [
        "AU_9",
        "AU_8"
      ],
      "2": [
        "AU_5",
        "AU_6",
        "AU_4"
      ],
      "3": [
        "AU_5",
        "AU_1",
        "AU_2"
      ],
      "4": [
        "AU_2"
      ]
    },
    "_min": 1,
    "_graph": [
      "AU_6/AU_5",
      "AU_9/AU_6",
      "AU_8/AU_4",
      "AU_8/AU_6",
      "AU_6/AU_2",
      "AU_5/AU_2",
      "AU_9/AU_5",
      "AU_4/AU_2",
      "AU_4/AU_1",
      "AU_10/AU_9",
      "AU_10/AU_8"
    ],
    "_glpd": "#TIMESTAMP#",
    "_fuzzyCD":"#TIMESTAMP#" ,
    "_fuzzyUD": "#TIMESTAMP#"
  },
  {
    "_id": "AU_2",
    "_max": 1,
    "_tenant": 1,
    "_up": [],
    "fakefake": "fakefake",
    "_glpd": "#TIMESTAMP#",
    "_fuzzyCD":"#TIMESTAMP#" ,
    "_fuzzyUD": "#TIMESTAMP#",
    "_sp": "OA2",
    "_sps": [
      "OA2"
    ]
  },
  {
    "_id": "AU_3",
    "_max": 2,
    "_tenant": 1,
    "_og": "GOT_8",
    "_up": [
      "AU_1"
    ],
    "_sp": "OA1",
    "_sps": [
      "OA1"
    ],
    "_av": 1,
    "_us": [
      "AU_1"
    ],
    "_uds": {
      "1": [
        "AU_1"
      ]
    },
    "_min": 1,
    "_graph": [
      "AU_3/AU_1"
    ],
    "_glpd": "#TIMESTAMP#",
    "_fuzzyCD":"#TIMESTAMP#" ,
    "_fuzzyUD": "#TIMESTAMP#"
  },
  {
    "_id": "AU_4",
    "_max": 1,
    "_tenant": 1,
    "_og": "GOT_4",
    "_up": [
      "AU_1",
      "AU_2"
    ],
    "fakefake": "fakefake",
    "_glpd": "#TIMESTAMP#",
    "_fuzzyCD":"#TIMESTAMP#" ,
    "_fuzzyUD": "#TIMESTAMP#",
    "_sp": "OA4",
    "_sps": [
      "OA4",
      "OA1",
      "OA2"
    ]
  },
  {
    "_id": "AU_5",
    "_max": 1,
    "_tenant": 1,
    "_up": [
      "AU_2"
    ],
    "fakefake": "fakefake",
    "_glpd": "#TIMESTAMP#",
    "_fuzzyCD":"#TIMESTAMP#" ,
    "_fuzzyUD": "#TIMESTAMP#",
    "_sp": "OA2",
    "_sps": [
      "OA2"
    ]
  },
  {
    "_id": "AU_6",
    "_max": 3,
    "_tenant": 1,
    "_og": "GOT_6",
    "_up": [
      "AU_2",
      "AU_5"
    ],
    "_sp": "OA2",
    "_sps": [
      "OA2"
    ],
    "_av": 1,
    "_us": [
      "AU_5",
      "AU_2"
    ],
    "_uds": {
      "1": [
        "AU_5",
        "AU_2"
      ],
      "2": [
        "AU_2"
      ]
    },
    "_min": 1,
    "_graph": [
      "AU_6/AU_5",
      "AU_6/AU_2",
      "AU_5/AU_2"
    ],
    "_glpd": "#TIMESTAMP#",
    "_fuzzyCD":"#TIMESTAMP#" ,
    "_fuzzyUD": "#TIMESTAMP#"
  },
  {
    "_id": "AU_7",
    "_max": 3,
    "_tenant": 1,
    "_og": "GOT_8",
    "_up": [
      "AU_4"
    ],
    "_sp": "OA4",
    "_sps": [
      "OA2",
      "OA4",
      "OA1"
    ],
    "_av": 1,
    "_us": [
      "AU_4",
      "AU_1",
      "AU_2"
    ],
    "_uds": {
      "1": [
        "AU_4"
      ],
      "2": [
        "AU_1",
        "AU_2"
      ]
    },
    "_min": 1,
    "_graph": [
      "AU_4/AU_2",
      "AU_4/AU_1",
      "AU_7/AU_4"
    ],
    "_glpd": "#TIMESTAMP#",
    "_fuzzyCD":"#TIMESTAMP#" ,
    "_fuzzyUD": "#TIMESTAMP#"
  },
  {
    "_id": "AU_8",
    "_max": 1,
    "_tenant": 1,
    "_og": "GOT_8",
    "_up": [
      "AU_6",
      "AU_4"
    ],
    "fakefake": "fakefake",
    "_glpd": "#TIMESTAMP#",
    "_fuzzyCD":"#TIMESTAMP#" ,
    "_fuzzyUD": "#TIMESTAMP#",
    "_sp": "OA2",
    "_sps": [
      "OA4",
      "OA1",
      "OA2"
    ]
  },
  {
    "_id": "AU_9",
    "_max": 1,
    "_tenant": 1,
    "_og": "GOT_9",
    "_up": [
      "AU_5",
      "AU_6"
    ],
    "fakefake": "fakefake",
    "_glpd": "#TIMESTAMP#",
    "_fuzzyCD":"#TIMESTAMP#" ,
    "_fuzzyUD": "#TIMESTAMP#",
    "_sp": "OA2",
    "_sps": [
      "OA2"
    ]
  }
]
