[{"_id":"aefaaaaaaabf2a33abbckalhycg6lhaaaaaq","OriginatingAgency":"RATP","TotalObjects":{"ingested":8.0,"deleted":0.0,"remained":8.0},"TotalObjectGroups":{"ingested":6.0,"deleted":0.0,"remained":6.0},"TotalUnits":{"ingested":16.0,"deleted":0.0,"remained":16.0},"ObjectSize":{"ingested":36.0,"deleted":0.0,"remained":36.0},"CreationDate":"2018-12-18T09:03:04.092","_v":2,"_tenant":0}]
