[{"_id":"aefaaaaaaabf2a33abbckalhycg7mnyaaaaq","OriginatingAgency":"FRAN_NP_009913","TotalObjects":{"ingested":12,"deleted":0,"remained":12},"TotalObjectGroups":{"ingested":8,"deleted":0,"remained":8},"TotalUnits":{"ingested":14,"deleted":0,"remained":14},"ObjectSize":{"ingested":469941,"deleted":0,"remained":469941},"CreationDate":"2018-12-18T09:03:08.343","_v":3,"_tenant":0}]