[{"_id":"aefaaaaaaabf2a33abbckalhycg6lhaaaaaq","OriginatingAgency":"RATP","TotalObjects":{"ingested":11,"deleted":0,"remained":11},"TotalObjectGroups":{"ingested":6,"deleted":0,"remained":6},"TotalUnits":{"ingested":16,"deleted":0,"remained":16},"ObjectSize":{"ingested":54,"deleted":0,"remained":54},"CreationDate":"2018-12-18T09:03:0492","_v":3,"_tenant":0}]
